src/renderer/src/components/connections/topology/AnimatedEdge.tsx(1,1): error TS6133: 'React' is declared but its value is never read.
src/renderer/src/components/connections/topology/AnimatedEdge.tsx(3,1): error TS6133: 'useTheme' is declared but its value is never read.
src/renderer/src/components/connections/topology/CustomNodes.tsx(1,8): error TS6133: 'React' is declared but its value is never read.
src/renderer/src/components/connections/topology/CustomNodes.tsx(112,20): error TS2322: Type '"full"' is not assignable to type '"none" | "sm" | "md" | "lg" | undefined'.
src/renderer/src/components/TopologyMap.tsx(1,38): error TS6133: 'useMemo' is declared but its value is never read.
src/renderer/src/components/TopologyMap.tsx(1,47): error TS6133: 'useCallback' is declared but its value is never read.
